Loading pipeline components...:   0%|          | 0/6 [00:00<?, ?it/s]/opt/anaconda3/lib/python3.11/site-packages/transformers/tokenization_utils_base.py:1601: FutureWarning: `clean_up_tokenization_spaces` was not set. It will be set to `True` by default. This behavior will be depracted in transformers v4.45, and will be then set to `False` by default. For more details check this issue: https://github.com/huggingface/transformers/issues/31884
  warnings.warn(
Loading pipeline components...:  50%|█████     | 3/6 [00:00<00:00, 27.81it/s]Loading pipeline components...: 100%|██████████| 6/6 [00:09<00:00,  1.92s/it]Loading pipeline components...: 100%|██████████| 6/6 [00:09<00:00,  1.64s/it]
  e1_synth_sparse_a0.15: dens=0.0000 f1=0.000 184.1s
  -> /Users/allcontrol/サイバーセキュリティ/映像メディア学/controlnet_report/results/exp1_density.csv (1 rows)
  e1_synth_sparse_a0.3: dens=0.0063 f1=0.611 145.5s
  -> /Users/allcontrol/サイバーセキュリティ/映像メディア学/controlnet_report/results/exp1_density.csv (2 rows)
  e1_synth_sparse_a0.5: dens=0.0081 f1=0.333 122.4s
  -> /Users/allcontrol/サイバーセキュリティ/映像メディア学/controlnet_report/results/exp1_density.csv (3 rows)
  e1_synth_sparse_a1.0: dens=0.0081 f1=0.333 140.2s
  -> /Users/allcontrol/サイバーセキュリティ/映像メディア学/controlnet_report/results/exp1_density.csv (4 rows)
  e1_synth_low_a0.15: dens=0.0000 f1=0.000 133.9s
  -> /Users/allcontrol/サイバーセキュリティ/映像メディア学/controlnet_report/results/exp1_density.csv (5 rows)
  e1_synth_low_a0.3: dens=0.0161 f1=0.805 147.2s
  -> /Users/allcontrol/サイバーセキュリティ/映像メディア学/controlnet_report/results/exp1_density.csv (6 rows)
  e1_synth_low_a0.5: dens=0.0201 f1=0.830 119.1s
  -> /Users/allcontrol/サイバーセキュリティ/映像メディア学/controlnet_report/results/exp1_density.csv (7 rows)
  e1_synth_low_a1.0: dens=0.0201 f1=0.830 120.3s
  -> /Users/allcontrol/サイバーセキュリティ/映像メディア学/controlnet_report/results/exp1_density.csv (8 rows)
  e1_synth_mid_a0.15: dens=0.0000 f1=0.000 131.9s
  -> /Users/allcontrol/サイバーセキュリティ/映像メディア学/controlnet_report/results/exp1_density.csv (9 rows)
  e1_synth_mid_a0.3: dens=0.0449 f1=0.879 148.7s
  -> /Users/allcontrol/サイバーセキュリティ/映像メディア学/controlnet_report/results/exp1_density.csv (10 rows)
  e1_synth_mid_a0.5: dens=0.0468 f1=0.886 134.8s
  -> /Users/allcontrol/サイバーセキュリティ/映像メディア学/controlnet_report/results/exp1_density.csv (11 rows)
  e1_synth_mid_a1.0: dens=0.0468 f1=0.886 131.7s
  -> /Users/allcontrol/サイバーセキュリティ/映像メディア学/controlnet_report/results/exp1_density.csv (12 rows)
  e1_synth_dense_a0.15: dens=0.0000 f1=0.000 133.7s
  -> /Users/allcontrol/サイバーセキュリティ/映像メディア学/controlnet_report/results/exp1_density.csv (13 rows)
  e1_synth_dense_a0.3: dens=0.0884 f1=0.863 121.9s
  -> /Users/allcontrol/サイバーセキュリティ/映像メディア学/controlnet_report/results/exp1_density.csv (14 rows)
  e1_synth_dense_a0.5: dens=0.0884 f1=0.863 162.1s
  -> /Users/allcontrol/サイバーセキュリティ/映像メディア学/controlnet_report/results/exp1_density.csv (15 rows)
  e1_synth_dense_a1.0: dens=0.0884 f1=0.863 135.2s
  -> /Users/allcontrol/サイバーセキュリティ/映像メディア学/controlnet_report/results/exp1_density.csv (16 rows)
  e1_synth_veryd_a0.15: dens=0.0000 f1=0.000 128.7s
  -> /Users/allcontrol/サイバーセキュリティ/映像メディア学/controlnet_report/results/exp1_density.csv (17 rows)
  e1_synth_veryd_a0.3: dens=0.1316 f1=0.957 123.9s
  -> /Users/allcontrol/サイバーセキュリティ/映像メディア学/controlnet_report/results/exp1_density.csv (18 rows)
  e1_synth_veryd_a0.5: dens=0.1316 f1=0.957 125.7s
  -> /Users/allcontrol/サイバーセキュリティ/映像メディア学/controlnet_report/results/exp1_density.csv (19 rows)
  e1_synth_veryd_a1.0: dens=0.1316 f1=0.957 127.7s
  -> /Users/allcontrol/サイバーセキュリティ/映像メディア学/controlnet_report/results/exp1_density.csv (20 rows)
  e1_astronaut_a0.15: dens=0.0001 f1=0.001 126.8s
  -> /Users/allcontrol/サイバーセキュリティ/映像メディア学/controlnet_report/results/exp1_density.csv (21 rows)
  e1_astronaut_a0.3: dens=0.0291 f1=0.568 122.7s
  -> /Users/allcontrol/サイバーセキュリティ/映像メディア学/controlnet_report/results/exp1_density.csv (22 rows)
  e1_astronaut_a0.5: dens=0.0544 f1=0.797 119.1s
  -> /Users/allcontrol/サイバーセキュリティ/映像メディア学/controlnet_report/results/exp1_density.csv (23 rows)
  e1_astronaut_a1.0: dens=0.0900 f1=0.801 109.9s
  -> /Users/allcontrol/サイバーセキュリティ/映像メディア学/controlnet_report/results/exp1_density.csv (24 rows)
  e1_camera_a0.15: dens=0.0000 f1=0.000 112.9s
  -> /Users/allcontrol/サイバーセキュリティ/映像メディア学/controlnet_report/results/exp1_density.csv (25 rows)
  e1_camera_a0.3: dens=0.0139 f1=0.541 121.8s
  -> /Users/allcontrol/サイバーセキュリティ/映像メディア学/controlnet_report/results/exp1_density.csv (26 rows)
  e1_camera_a0.5: dens=0.0253 f1=0.628 115.7s
  -> /Users/allcontrol/サイバーセキュリティ/映像メディア学/controlnet_report/results/exp1_density.csv (27 rows)
  e1_camera_a1.0: dens=0.0751 f1=0.758 102.8s
  -> /Users/allcontrol/サイバーセキュリティ/映像メディア学/controlnet_report/results/exp1_density.csv (28 rows)
  e1_coffee_a0.15: dens=0.0001 f1=0.004 104.7s
  -> /Users/allcontrol/サイバーセキュリティ/映像メディア学/controlnet_report/results/exp1_density.csv (29 rows)
  e1_coffee_a0.3: dens=0.0147 f1=0.553 103.6s
  -> /Users/allcontrol/サイバーセキュリティ/映像メディア学/controlnet_report/results/exp1_density.csv (30 rows)
  e1_coffee_a0.5: dens=0.0289 f1=0.624 103.3s
  -> /Users/allcontrol/サイバーセキュリティ/映像メディア学/controlnet_report/results/exp1_density.csv (31 rows)
  e1_coffee_a1.0: dens=0.0586 f1=0.657 106.4s
  -> /Users/allcontrol/サイバーセキュリティ/映像メディア学/controlnet_report/results/exp1_density.csv (32 rows)
  e1_chelsea_a0.15: dens=0.0000 f1=0.000 103.8s
  -> /Users/allcontrol/サイバーセキュリティ/映像メディア学/controlnet_report/results/exp1_density.csv (33 rows)
  e1_chelsea_a0.3: dens=0.0000 f1=0.000 103.3s
  -> /Users/allcontrol/サイバーセキュリティ/映像メディア学/controlnet_report/results/exp1_density.csv (34 rows)
  e1_chelsea_a0.5: dens=0.0017 f1=0.054 104.5s
  -> /Users/allcontrol/サイバーセキュリティ/映像メディア学/controlnet_report/results/exp1_density.csv (35 rows)
  e1_chelsea_a1.0: dens=0.0443 f1=0.628 103.4s
  -> /Users/allcontrol/サイバーセキュリティ/映像メディア学/controlnet_report/results/exp1_density.csv (36 rows)
  e1_coins_a0.15: dens=0.0000 f1=0.000 105.6s
  -> /Users/allcontrol/サイバーセキュリティ/映像メディア学/controlnet_report/results/exp1_density.csv (37 rows)
  e1_coins_a0.3: dens=0.0105 f1=0.259 106.5s
  -> /Users/allcontrol/サイバーセキュリティ/映像メディア学/controlnet_report/results/exp1_density.csv (38 rows)
  e1_coins_a0.5: dens=0.0281 f1=0.548 104.6s
  -> /Users/allcontrol/サイバーセキュリティ/映像メディア学/controlnet_report/results/exp1_density.csv (39 rows)
  e1_coins_a1.0: dens=0.0743 f1=0.870 103.2s
  -> /Users/allcontrol/サイバーセキュリティ/映像メディア学/controlnet_report/results/exp1_density.csv (40 rows)
  e1_horse_a0.15: dens=0.0129 f1=0.976 135.8s
  -> /Users/allcontrol/サイバーセキュリティ/映像メディア学/controlnet_report/results/exp1_density.csv (41 rows)
  e1_horse_a0.3: dens=0.0130 f1=0.980 106.3s
  -> /Users/allcontrol/サイバーセキュリティ/映像メディア学/controlnet_report/results/exp1_density.csv (42 rows)
  e1_horse_a0.5: dens=0.0130 f1=0.981 107.7s
  -> /Users/allcontrol/サイバーセキュリティ/映像メディア学/controlnet_report/results/exp1_density.csv (43 rows)
  e1_horse_a1.0: dens=0.0130 f1=0.975 116.4s
  -> /Users/allcontrol/サイバーセキュリティ/映像メディア学/controlnet_report/results/exp1_density.csv (44 rows)
  e1_page_a0.15: dens=0.0000 f1=0.000 116.2s
  -> /Users/allcontrol/サイバーセキュリティ/映像メディア学/controlnet_report/results/exp1_density.csv (45 rows)
  e1_page_a0.3: dens=0.0318 f1=0.793 109.3s
  -> /Users/allcontrol/サイバーセキュリティ/映像メディア学/controlnet_report/results/exp1_density.csv (46 rows)
  e1_page_a0.5: dens=0.0719 f1=0.856 104.8s
  -> /Users/allcontrol/サイバーセキュリティ/映像メディア学/controlnet_report/results/exp1_density.csv (47 rows)
  e1_page_a1.0: dens=0.0869 f1=0.727 105.7s
  -> /Users/allcontrol/サイバーセキュリティ/映像メディア学/controlnet_report/results/exp1_density.csv (48 rows)
  e1_rocket_a0.15: dens=0.0000 f1=0.000 105.8s
  -> /Users/allcontrol/サイバーセキュリティ/映像メディア学/controlnet_report/results/exp1_density.csv (49 rows)
  e1_rocket_a0.3: dens=0.0044 f1=0.574 105.6s
  -> /Users/allcontrol/サイバーセキュリティ/映像メディア学/controlnet_report/results/exp1_density.csv (50 rows)
  e1_rocket_a0.5: dens=0.0219 f1=0.703 120.7s
  -> /Users/allcontrol/サイバーセキュリティ/映像メディア学/controlnet_report/results/exp1_density.csv (51 rows)
  e1_rocket_a1.0: dens=0.0430 f1=0.839 119.3s
  -> /Users/allcontrol/サイバーセキュリティ/映像メディア学/controlnet_report/results/exp1_density.csv (52 rows)
  e1_immunohistochemistry_a0.15: dens=0.0000 f1=0.000 120.3s
  -> /Users/allcontrol/サイバーセキュリティ/映像メディア学/controlnet_report/results/exp1_density.csv (53 rows)
  e1_immunohistochemistry_a0.3: dens=0.0000 f1=0.001 119.4s
  -> /Users/allcontrol/サイバーセキュリティ/映像メディア学/controlnet_report/results/exp1_density.csv (54 rows)
  e1_immunohistochemistry_a0.5: dens=0.0281 f1=0.453 101.3s
  -> /Users/allcontrol/サイバーセキュリティ/映像メディア学/controlnet_report/results/exp1_density.csv (55 rows)
  e1_immunohistochemistry_a1.0: dens=0.1884 f1=0.850 102.5s
  -> /Users/allcontrol/サイバーセキュリティ/映像メディア学/controlnet_report/results/exp1_density.csv (56 rows)
  e1_cell_a0.15: dens=0.0000 f1=0.000 124.4s
  -> /Users/allcontrol/サイバーセキュリティ/映像メディア学/controlnet_report/results/exp1_density.csv (57 rows)
  e1_cell_a0.3: dens=0.0000 f1=0.000 108.7s
  -> /Users/allcontrol/サイバーセキュリティ/映像メディア学/controlnet_report/results/exp1_density.csv (58 rows)
  e1_cell_a0.5: dens=0.0000 f1=0.000 105.0s
  -> /Users/allcontrol/サイバーセキュリティ/映像メディア学/controlnet_report/results/exp1_density.csv (59 rows)
  e1_cell_a1.0: dens=0.0016 f1=0.019 106.8s
  -> /Users/allcontrol/サイバーセキュリティ/映像メディア学/controlnet_report/results/exp1_density.csv (60 rows)
