python3: can't open file '/Users/allcontrol/サイバーセキュリティ/映像メディア学/controlnet_report/exp.py exp3': [Errno 2] No such file or directory
Loading pipeline components...:   0%|          | 0/6 [00:00<?, ?it/s]/opt/anaconda3/lib/python3.11/site-packages/transformers/tokenization_utils_base.py:1601: FutureWarning: `clean_up_tokenization_spaces` was not set. It will be set to `True` by default. This behavior will be depracted in transformers v4.45, and will be then set to `False` by default. For more details check this issue: https://github.com/huggingface/transformers/issues/31884
  warnings.warn(
Loading pipeline components...:  33%|███▎      | 2/6 [00:00<00:00,  4.45it/s]Loading pipeline components...:  50%|█████     | 3/6 [00:01<00:01,  2.58it/s]Loading pipeline components...:  83%|████████▎ | 5/6 [00:07<00:01,  1.83s/it]Loading pipeline components...: 100%|██████████| 6/6 [00:07<00:00,  1.19s/it]
  synth_sparse a=0.3 s0: f1 0.611 -> 0.870 (scale 1.40)
  -> /Users/allcontrol/サイバーセキュリティ/映像メディア学/controlnet_report/results/exp3_improvement.csv (1 rows)
  synth_sparse a=0.3 s1: f1 0.591 -> 0.663 (scale 1.40)
  -> /Users/allcontrol/サイバーセキュリティ/映像メディア学/controlnet_report/results/exp3_improvement.csv (2 rows)
  synth_sparse a=0.3 s2: f1 0.852 -> 0.879 (scale 1.40)
  -> /Users/allcontrol/サイバーセキュリティ/映像メディア学/controlnet_report/results/exp3_improvement.csv (3 rows)
  synth_sparse a=1.0 s0: f1 0.333 -> 0.875 (scale 1.40)
  -> /Users/allcontrol/サイバーセキュリティ/映像メディア学/controlnet_report/results/exp3_improvement.csv (4 rows)
  synth_sparse a=1.0 s1: f1 0.471 -> 0.672 (scale 1.40)
  -> /Users/allcontrol/サイバーセキュリティ/映像メディア学/controlnet_report/results/exp3_improvement.csv (5 rows)
  synth_sparse a=1.0 s2: f1 0.893 -> 0.875 (scale 1.40)
  -> /Users/allcontrol/サイバーセキュリティ/映像メディア学/controlnet_report/results/exp3_improvement.csv (6 rows)
  synth_low a=0.3 s0: f1 0.805 -> 0.897 (scale 1.33)
  -> /Users/allcontrol/サイバーセキュリティ/映像メディア学/controlnet_report/results/exp3_improvement.csv (7 rows)
  synth_low a=0.3 s1: f1 0.694 -> 0.696 (scale 1.33)
  -> /Users/allcontrol/サイバーセキュリティ/映像メディア学/controlnet_report/results/exp3_improvement.csv (8 rows)
  synth_low a=0.3 s2: f1 0.830 -> 0.858 (scale 1.33)
  -> /Users/allcontrol/サイバーセキュリティ/映像メディア学/controlnet_report/results/exp3_improvement.csv (9 rows)
  synth_low a=1.0 s0: f1 0.830 -> 0.890 (scale 1.33)
  -> /Users/allcontrol/サイバーセキュリティ/映像メディア学/controlnet_report/results/exp3_improvement.csv (10 rows)
  synth_low a=1.0 s1: f1 0.696 -> 0.705 (scale 1.33)
  -> /Users/allcontrol/サイバーセキュリティ/映像メディア学/controlnet_report/results/exp3_improvement.csv (11 rows)
  synth_low a=1.0 s2: f1 0.710 -> 0.851 (scale 1.33)
  -> /Users/allcontrol/サイバーセキュリティ/映像メディア学/controlnet_report/results/exp3_improvement.csv (12 rows)
  synth_mid a=0.3 s0: f1 0.879 -> 0.879 (scale 1.00)
  -> /Users/allcontrol/サイバーセキュリティ/映像メディア学/controlnet_report/results/exp3_improvement.csv (13 rows)
  synth_mid a=0.3 s1: f1 0.899 -> 0.897 (scale 1.00)
  -> /Users/allcontrol/サイバーセキュリティ/映像メディア学/controlnet_report/results/exp3_improvement.csv (14 rows)
  synth_mid a=0.3 s2: f1 0.912 -> 0.913 (scale 1.00)
  -> /Users/allcontrol/サイバーセキュリティ/映像メディア学/controlnet_report/results/exp3_improvement.csv (15 rows)
  synth_mid a=1.0 s0: f1 0.886 -> 0.882 (scale 0.98)
  -> /Users/allcontrol/サイバーセキュリティ/映像メディア学/controlnet_report/results/exp3_improvement.csv (16 rows)
  synth_mid a=1.0 s1: f1 0.926 -> 0.921 (scale 0.98)
  -> /Users/allcontrol/サイバーセキュリティ/映像メディア学/controlnet_report/results/exp3_improvement.csv (17 rows)
  synth_mid a=1.0 s2: f1 0.915 -> 0.912 (scale 0.98)
  -> /Users/allcontrol/サイバーセキュリティ/映像メディア学/controlnet_report/results/exp3_improvement.csv (18 rows)
  synth_dense a=0.3 s0: f1 0.863 -> 0.758 (scale 0.79)
  -> /Users/allcontrol/サイバーセキュリティ/映像メディア学/controlnet_report/results/exp3_improvement.csv (19 rows)
  synth_dense a=0.3 s1: f1 0.952 -> 0.640 (scale 0.79)
  -> /Users/allcontrol/サイバーセキュリティ/映像メディア学/controlnet_report/results/exp3_improvement.csv (20 rows)
  synth_dense a=0.3 s2: f1 0.946 -> 0.583 (scale 0.79)
  -> /Users/allcontrol/サイバーセキュリティ/映像メディア学/controlnet_report/results/exp3_improvement.csv (21 rows)
  synth_dense a=1.0 s0: f1 0.863 -> 0.329 (scale 0.42)
  -> /Users/allcontrol/サイバーセキュリティ/映像メディア学/controlnet_report/results/exp3_improvement.csv (22 rows)
  synth_dense a=1.0 s1: f1 0.952 -> 0.705 (scale 0.42)
  -> /Users/allcontrol/サイバーセキュリティ/映像メディア学/controlnet_report/results/exp3_improvement.csv (23 rows)
  synth_dense a=1.0 s2: f1 0.946 -> 0.713 (scale 0.42)
  -> /Users/allcontrol/サイバーセキュリティ/映像メディア学/controlnet_report/results/exp3_improvement.csv (24 rows)
  synth_veryd a=0.3 s0: f1 0.957 -> 0.000 (scale 1.40)
  -> /Users/allcontrol/サイバーセキュリティ/映像メディア学/controlnet_report/results/exp3_improvement.csv (25 rows)
  synth_veryd a=0.3 s1: f1 0.936 -> 0.000 (scale 1.40)
  -> /Users/allcontrol/サイバーセキュリティ/映像メディア学/controlnet_report/results/exp3_improvement.csv (26 rows)
  synth_veryd a=0.3 s2: f1 0.824 -> 0.000 (scale 1.40)
  -> /Users/allcontrol/サイバーセキュリティ/映像メディア学/controlnet_report/results/exp3_improvement.csv (27 rows)
  synth_veryd a=1.0 s0: f1 0.957 -> 0.278 (scale 0.40)
  -> /Users/allcontrol/サイバーセキュリティ/映像メディア学/controlnet_report/results/exp3_improvement.csv (28 rows)
  synth_veryd a=1.0 s1: f1 0.936 -> 0.618 (scale 0.40)
  -> /Users/allcontrol/サイバーセキュリティ/映像メディア学/controlnet_report/results/exp3_improvement.csv (29 rows)
  synth_veryd a=1.0 s2: f1 0.824 -> 0.508 (scale 0.40)
  -> /Users/allcontrol/サイバーセキュリティ/映像メディア学/controlnet_report/results/exp3_improvement.csv (30 rows)
  astronaut a=0.3 s0: f1 0.568 -> 0.727 (scale 1.00)
  -> /Users/allcontrol/サイバーセキュリティ/映像メディア学/controlnet_report/results/exp3_improvement.csv (31 rows)
  astronaut a=0.3 s1: f1 0.484 -> 0.784 (scale 1.00)
  -> /Users/allcontrol/サイバーセキュリティ/映像メディア学/controlnet_report/results/exp3_improvement.csv (32 rows)
  astronaut a=0.3 s2: f1 0.573 -> 0.769 (scale 1.00)
  -> /Users/allcontrol/サイバーセキュリティ/映像メディア学/controlnet_report/results/exp3_improvement.csv (33 rows)
  astronaut a=1.0 s0: f1 0.801 -> 0.710 (scale 0.76)
  -> /Users/allcontrol/サイバーセキュリティ/映像メディア学/controlnet_report/results/exp3_improvement.csv (34 rows)
  astronaut a=1.0 s1: f1 0.845 -> 0.718 (scale 0.76)
  -> /Users/allcontrol/サイバーセキュリティ/映像メディア学/controlnet_report/results/exp3_improvement.csv (35 rows)
  astronaut a=1.0 s2: f1 0.866 -> 0.756 (scale 0.76)
  -> /Users/allcontrol/サイバーセキュリティ/映像メディア学/controlnet_report/results/exp3_improvement.csv (36 rows)
  camera a=0.3 s0: f1 0.541 -> 0.690 (scale 1.00)
  -> /Users/allcontrol/サイバーセキュリティ/映像メディア学/controlnet_report/results/exp3_improvement.csv (37 rows)
  camera a=0.3 s1: f1 0.545 -> 0.707 (scale 1.00)
  -> /Users/allcontrol/サイバーセキュリティ/映像メディア学/controlnet_report/results/exp3_improvement.csv (38 rows)
  camera a=0.3 s2: f1 0.695 -> 0.726 (scale 1.00)
  -> /Users/allcontrol/サイバーセキュリティ/映像メディア学/controlnet_report/results/exp3_improvement.csv (39 rows)
  camera a=1.0 s0: f1 0.758 -> 0.408 (scale 0.46)
  -> /Users/allcontrol/サイバーセキュリティ/映像メディア学/controlnet_report/results/exp3_improvement.csv (40 rows)
  camera a=1.0 s1: f1 0.774 -> 0.377 (scale 0.46)
  -> /Users/allcontrol/サイバーセキュリティ/映像メディア学/controlnet_report/results/exp3_improvement.csv (41 rows)
  camera a=1.0 s2: f1 0.812 -> 0.755 (scale 0.46)
  -> /Users/allcontrol/サイバーセキュリティ/映像メディア学/controlnet_report/results/exp3_improvement.csv (42 rows)
  coffee a=0.3 s0: f1 0.553 -> 0.636 (scale 1.00)
  -> /Users/allcontrol/サイバーセキュリティ/映像メディア学/controlnet_report/results/exp3_improvement.csv (43 rows)
  coffee a=0.3 s1: f1 0.247 -> 0.723 (scale 1.00)
  -> /Users/allcontrol/サイバーセキュリティ/映像メディア学/controlnet_report/results/exp3_improvement.csv (44 rows)
  coffee a=0.3 s2: f1 0.393 -> 0.680 (scale 1.00)
  -> /Users/allcontrol/サイバーセキュリティ/映像メディア学/controlnet_report/results/exp3_improvement.csv (45 rows)
  coffee a=1.0 s0: f1 0.657 -> 0.587 (scale 1.00)
  -> /Users/allcontrol/サイバーセキュリティ/映像メディア学/controlnet_report/results/exp3_improvement.csv (46 rows)
  coffee a=1.0 s1: f1 0.736 -> 0.699 (scale 1.00)
  -> /Users/allcontrol/サイバーセキュリティ/映像メディア学/controlnet_report/results/exp3_improvement.csv (47 rows)
  coffee a=1.0 s2: f1 0.808 -> 0.680 (scale 1.00)
  -> /Users/allcontrol/サイバーセキュリティ/映像メディア学/controlnet_report/results/exp3_improvement.csv (48 rows)
  chelsea a=0.3 s0: f1 0.000 -> 0.670 (scale 0.99)
  -> /Users/allcontrol/サイバーセキュリティ/映像メディア学/controlnet_report/results/exp3_improvement.csv (49 rows)
  chelsea a=0.3 s1: f1 0.000 -> 0.644 (scale 0.99)
  -> /Users/allcontrol/サイバーセキュリティ/映像メディア学/controlnet_report/results/exp3_improvement.csv (50 rows)
  chelsea a=0.3 s2: f1 0.000 -> 0.690 (scale 0.99)
  -> /Users/allcontrol/サイバーセキュリティ/映像メディア学/controlnet_report/results/exp3_improvement.csv (51 rows)
  chelsea a=1.0 s0: f1 0.628 -> 0.595 (scale 1.00)
  -> /Users/allcontrol/サイバーセキュリティ/映像メディア学/controlnet_report/results/exp3_improvement.csv (52 rows)
  chelsea a=1.0 s1: f1 0.561 -> 0.621 (scale 1.00)
  -> /Users/allcontrol/サイバーセキュリティ/映像メディア学/controlnet_report/results/exp3_improvement.csv (53 rows)
  chelsea a=1.0 s2: f1 0.664 -> 0.636 (scale 1.00)
  -> /Users/allcontrol/サイバーセキュリティ/映像メディア学/controlnet_report/results/exp3_improvement.csv (54 rows)
  coins a=0.3 s0: f1 0.259 -> 0.702 (scale 1.01)
  -> /Users/allcontrol/サイバーセキュリティ/映像メディア学/controlnet_report/results/exp3_improvement.csv (55 rows)
  coins a=0.3 s1: f1 0.263 -> 0.680 (scale 1.01)
  -> /Users/allcontrol/サイバーセキュリティ/映像メディア学/controlnet_report/results/exp3_improvement.csv (56 rows)
  coins a=0.3 s2: f1 0.265 -> 0.720 (scale 1.01)
  -> /Users/allcontrol/サイバーセキュリティ/映像メディア学/controlnet_report/results/exp3_improvement.csv (57 rows)
  coins a=1.0 s0: f1 0.870 -> 0.752 (scale 0.85)
  -> /Users/allcontrol/サイバーセキュリティ/映像メディア学/controlnet_report/results/exp3_improvement.csv (58 rows)
  coins a=1.0 s1: f1 0.824 -> 0.746 (scale 0.85)
  -> /Users/allcontrol/サイバーセキュリティ/映像メディア学/controlnet_report/results/exp3_improvement.csv (59 rows)
  coins a=1.0 s2: f1 0.878 -> 0.764 (scale 0.85)
  -> /Users/allcontrol/サイバーセキュリティ/映像メディア学/controlnet_report/results/exp3_improvement.csv (60 rows)
  horse a=0.3 s0: f1 0.980 -> 1.000 (scale 1.40)
  -> /Users/allcontrol/サイバーセキュリティ/映像メディア学/controlnet_report/results/exp3_improvement.csv (61 rows)
  horse a=0.3 s1: f1 1.000 -> 1.000 (scale 1.40)
  -> /Users/allcontrol/サイバーセキュリティ/映像メディア学/controlnet_report/results/exp3_improvement.csv (62 rows)
  horse a=0.3 s2: f1 0.974 -> 0.993 (scale 1.40)
  -> /Users/allcontrol/サイバーセキュリティ/映像メディア学/controlnet_report/results/exp3_improvement.csv (63 rows)
  horse a=1.0 s0: f1 0.975 -> 1.000 (scale 1.40)
  -> /Users/allcontrol/サイバーセキュリティ/映像メディア学/controlnet_report/results/exp3_improvement.csv (64 rows)
  horse a=1.0 s1: f1 1.000 -> 1.000 (scale 1.40)
  -> /Users/allcontrol/サイバーセキュリティ/映像メディア学/controlnet_report/results/exp3_improvement.csv (65 rows)
  horse a=1.0 s2: f1 0.974 -> 0.993 (scale 1.40)
  -> /Users/allcontrol/サイバーセキュリティ/映像メディア学/controlnet_report/results/exp3_improvement.csv (66 rows)
  page a=0.3 s0: f1 0.793 -> 0.749 (scale 1.00)
  -> /Users/allcontrol/サイバーセキュリティ/映像メディア学/controlnet_report/results/exp3_improvement.csv (67 rows)
  page a=0.3 s1: f1 0.676 -> 0.692 (scale 1.00)
  -> /Users/allcontrol/サイバーセキュリティ/映像メディア学/controlnet_report/results/exp3_improvement.csv (68 rows)
  page a=0.3 s2: f1 0.639 -> 0.679 (scale 1.00)
  -> /Users/allcontrol/サイバーセキュリティ/映像メディア学/controlnet_report/results/exp3_improvement.csv (69 rows)
  page a=1.0 s0: f1 0.727 -> 0.620 (scale 0.42)
  -> /Users/allcontrol/サイバーセキュリティ/映像メディア学/controlnet_report/results/exp3_improvement.csv (70 rows)
  page a=1.0 s1: f1 0.907 -> 0.670 (scale 0.42)
  -> /Users/allcontrol/サイバーセキュリティ/映像メディア学/controlnet_report/results/exp3_improvement.csv (71 rows)
  page a=1.0 s2: f1 0.883 -> 0.660 (scale 0.42)
  -> /Users/allcontrol/サイバーセキュリティ/映像メディア学/controlnet_report/results/exp3_improvement.csv (72 rows)
  rocket a=0.3 s0: f1 0.574 -> 0.903 (scale 1.00)
  -> /Users/allcontrol/サイバーセキュリティ/映像メディア学/controlnet_report/results/exp3_improvement.csv (73 rows)
  rocket a=0.3 s1: f1 0.479 -> 0.901 (scale 1.00)
  -> /Users/allcontrol/サイバーセキュリティ/映像メディア学/controlnet_report/results/exp3_improvement.csv (74 rows)
  rocket a=0.3 s2: f1 0.493 -> 0.888 (scale 1.00)
  -> /Users/allcontrol/サイバーセキュリティ/映像メディア学/controlnet_report/results/exp3_improvement.csv (75 rows)
  rocket a=1.0 s0: f1 0.839 -> 0.902 (scale 1.00)
  -> /Users/allcontrol/サイバーセキュリティ/映像メディア学/controlnet_report/results/exp3_improvement.csv (76 rows)
  rocket a=1.0 s1: f1 0.870 -> 0.892 (scale 1.00)
  -> /Users/allcontrol/サイバーセキュリティ/映像メディア学/controlnet_report/results/exp3_improvement.csv (77 rows)
  rocket a=1.0 s2: f1 0.918 -> 0.882 (scale 1.00)
  -> /Users/allcontrol/サイバーセキュリティ/映像メディア学/controlnet_report/results/exp3_improvement.csv (78 rows)
  immunohistochemistry a=0.3 s0: f1 0.001 -> 0.582 (scale 1.00)
  -> /Users/allcontrol/サイバーセキュリティ/映像メディア学/controlnet_report/results/exp3_improvement.csv (79 rows)
  immunohistochemistry a=0.3 s1: f1 0.000 -> 0.496 (scale 1.00)
  -> /Users/allcontrol/サイバーセキュリティ/映像メディア学/controlnet_report/results/exp3_improvement.csv (80 rows)
  immunohistochemistry a=0.3 s2: f1 0.001 -> 0.425 (scale 1.00)
  -> /Users/allcontrol/サイバーセキュリティ/映像メディア学/controlnet_report/results/exp3_improvement.csv (81 rows)
  immunohistochemistry a=1.0 s0: f1 0.850 -> 0.677 (scale 0.40)
  -> /Users/allcontrol/サイバーセキュリティ/映像メディア学/controlnet_report/results/exp3_improvement.csv (82 rows)
  immunohistochemistry a=1.0 s1: f1 0.844 -> 0.793 (scale 0.40)
  -> /Users/allcontrol/サイバーセキュリティ/映像メディア学/controlnet_report/results/exp3_improvement.csv (83 rows)
  immunohistochemistry a=1.0 s2: f1 0.891 -> 0.772 (scale 0.40)
  -> /Users/allcontrol/サイバーセキュリティ/映像メディア学/controlnet_report/results/exp3_improvement.csv (84 rows)
  cell a=0.3 s0: f1 0.000 -> 0.712 (scale 1.28)
  -> /Users/allcontrol/サイバーセキュリティ/映像メディア学/controlnet_report/results/exp3_improvement.csv (85 rows)
  cell a=0.3 s1: f1 0.000 -> 0.691 (scale 1.28)
  -> /Users/allcontrol/サイバーセキュリティ/映像メディア学/controlnet_report/results/exp3_improvement.csv (86 rows)
  cell a=0.3 s2: f1 0.000 -> 0.778 (scale 1.28)
  -> /Users/allcontrol/サイバーセキュリティ/映像メディア学/controlnet_report/results/exp3_improvement.csv (87 rows)
  cell a=1.0 s0: f1 0.019 -> 0.211 (scale 0.99)
  -> /Users/allcontrol/サイバーセキュリティ/映像メディア学/controlnet_report/results/exp3_improvement.csv (88 rows)
  cell a=1.0 s1: f1 0.015 -> 0.553 (scale 0.99)
  -> /Users/allcontrol/サイバーセキュリティ/映像メディア学/controlnet_report/results/exp3_improvement.csv (89 rows)
  cell a=1.0 s2: f1 0.013 -> 0.232 (scale 0.99)
  -> /Users/allcontrol/サイバーセキュリティ/映像メディア学/controlnet_report/results/exp3_improvement.csv (90 rows)
