Loading pipeline components...:   0%|          | 0/6 [00:00<?, ?it/s]Loading pipeline components...:  17%|█▋        | 1/6 [00:05<00:27,  5.55s/it]/opt/anaconda3/lib/python3.11/site-packages/transformers/tokenization_utils_base.py:1601: FutureWarning: `clean_up_tokenization_spaces` was not set. It will be set to `True` by default. This behavior will be depracted in transformers v4.45, and will be then set to `False` by default. For more details check this issue: https://github.com/huggingface/transformers/issues/31884
  warnings.warn(
Loading pipeline components...:  33%|███▎      | 2/6 [00:05<00:09,  2.37s/it]Loading pipeline components...:  50%|█████     | 3/6 [00:06<00:05,  1.87s/it]Loading pipeline components...: 100%|██████████| 6/6 [00:07<00:00,  1.24it/s]Loading pipeline components...: 100%|██████████| 6/6 [00:07<00:00,  1.30s/it]
/opt/anaconda3/lib/python3.11/site-packages/diffusers/pipelines/controlnet/pipeline_controlnet.py:271: FutureWarning: `_encode_prompt()` is deprecated and it will be removed in a future version. Use `encode_prompt()` instead. Also, be aware that the output format changed from a concatenated tensor to a tuple.
  deprecate("_encode_prompt()", "1.0.0", deprecation_message, standard_warn=False)
Traceback (most recent call last):
  File "/Users/allcontrol/サイバーセキュリティ/映像メディア学/controlnet_report/probe.py", line 90, in <module>
    main()
  File "/Users/allcontrol/サイバーセキュリティ/映像メディア学/controlnet_report/probe.py", line 68, in main
    r = residual_norms(p, e, prompt)
        ^^^^^^^^^^^^^^^^^^^^^^^^^^^^
  File "/opt/anaconda3/lib/python3.11/site-packages/torch/utils/_contextlib.py", line 115, in decorate_context
    return func(*args, **kwargs)
           ^^^^^^^^^^^^^^^^^^^^^
  File "/Users/allcontrol/サイバーセキュリティ/映像メディア学/controlnet_report/probe.py", line 42, in residual_norms
    emb = p._encode_prompt(prompt, "mps", 1, False)
          ^^^^^^^^^^^^^^^^^^^^^^^^^^^^^^^^^^^^^^^^^
  File "/opt/anaconda3/lib/python3.11/site-packages/diffusers/pipelines/controlnet/pipeline_controlnet.py", line 286, in _encode_prompt
    prompt_embeds = torch.cat([prompt_embeds_tuple[1], prompt_embeds_tuple[0]])
                    ^^^^^^^^^^^^^^^^^^^^^^^^^^^^^^^^^^^^^^^^^^^^^^^^^^^^^^^^^^^
TypeError: expected Tensor as element 0 in argument 0, but got NoneType
Loading pipeline components...:   0%|          | 0/6 [00:00<?, ?it/s]/opt/anaconda3/lib/python3.11/site-packages/transformers/tokenization_utils_base.py:1601: FutureWarning: `clean_up_tokenization_spaces` was not set. It will be set to `True` by default. This behavior will be depracted in transformers v4.45, and will be then set to `False` by default. For more details check this issue: https://github.com/huggingface/transformers/issues/31884
  warnings.warn(
Loading pipeline components...:  17%|█▋        | 1/6 [00:00<00:00,  8.40it/s]Loading pipeline components...:  50%|█████     | 3/6 [00:00<00:00,  4.35it/s]Loading pipeline components...:  67%|██████▋   | 4/6 [00:07<00:04,  2.49s/it]Loading pipeline components...: 100%|██████████| 6/6 [00:08<00:00,  1.62s/it]Loading pipeline components...: 100%|██████████| 6/6 [00:08<00:00,  1.48s/it]
  synth_sparse           a=0.1   dens=0.00000 total_rms=0.3896 mid=0.9808
  synth_sparse           a=0.15  dens=0.00000 total_rms=0.3896 mid=0.9808
  synth_sparse           a=0.2   dens=0.00000 total_rms=0.3896 mid=0.9808
  synth_sparse           a=0.25  dens=0.00630 total_rms=0.5470 mid=1.1679
  synth_sparse           a=0.3   dens=0.00630 total_rms=0.5470 mid=1.1679
  synth_sparse           a=0.4   dens=0.00806 total_rms=0.5307 mid=1.1117
  synth_sparse           a=0.5   dens=0.00806 total_rms=0.5307 mid=1.1117
  synth_sparse           a=0.7   dens=0.00806 total_rms=0.5307 mid=1.1117
  synth_sparse           a=1.0   dens=0.00806 total_rms=0.5307 mid=1.1117
  synth_low              a=0.1   dens=0.00000 total_rms=0.3896 mid=0.9808
  synth_low              a=0.15  dens=0.00000 total_rms=0.3896 mid=0.9808
  synth_low              a=0.2   dens=0.00000 total_rms=0.3896 mid=0.9808
  synth_low              a=0.25  dens=0.01608 total_rms=0.6921 mid=1.4201
  synth_low              a=0.3   dens=0.01608 total_rms=0.6921 mid=1.4201
  synth_low              a=0.4   dens=0.02005 total_rms=0.6684 mid=1.3580
  synth_low              a=0.5   dens=0.02005 total_rms=0.6684 mid=1.3580
  synth_low              a=0.7   dens=0.02005 total_rms=0.6684 mid=1.3580
  synth_low              a=1.0   dens=0.02005 total_rms=0.6684 mid=1.3580
  synth_mid              a=0.1   dens=0.00000 total_rms=0.3896 mid=0.9808
  synth_mid              a=0.15  dens=0.00000 total_rms=0.3896 mid=0.9808
  synth_mid              a=0.2   dens=0.00000 total_rms=0.3896 mid=0.9808
  synth_mid              a=0.25  dens=0.04486 total_rms=0.8387 mid=1.5643
  synth_mid              a=0.3   dens=0.04486 total_rms=0.8387 mid=1.5643
  synth_mid              a=0.4   dens=0.04675 total_rms=0.8302 mid=1.5608
  synth_mid              a=0.5   dens=0.04675 total_rms=0.8302 mid=1.5608
  synth_mid              a=0.7   dens=0.04675 total_rms=0.8302 mid=1.5608
  synth_mid              a=1.0   dens=0.04675 total_rms=0.8302 mid=1.5608
  synth_dense            a=0.1   dens=0.00000 total_rms=0.3896 mid=0.9808
  synth_dense            a=0.15  dens=0.00000 total_rms=0.3896 mid=0.9808
  synth_dense            a=0.2   dens=0.00000 total_rms=0.3896 mid=0.9808
  synth_dense            a=0.25  dens=0.08838 total_rms=0.8763 mid=1.6110
  synth_dense            a=0.3   dens=0.08838 total_rms=0.8763 mid=1.6110
  synth_dense            a=0.4   dens=0.08838 total_rms=0.8763 mid=1.6110
  synth_dense            a=0.5   dens=0.08838 total_rms=0.8763 mid=1.6110
  synth_dense            a=0.7   dens=0.08838 total_rms=0.8763 mid=1.6110
  synth_dense            a=1.0   dens=0.08838 total_rms=0.8763 mid=1.6110
  synth_veryd            a=0.1   dens=0.00000 total_rms=0.3896 mid=0.9808
  synth_veryd            a=0.15  dens=0.00000 total_rms=0.3896 mid=0.9808
  synth_veryd            a=0.2   dens=0.00000 total_rms=0.3896 mid=0.9808
  synth_veryd            a=0.25  dens=0.13159 total_rms=1.0031 mid=1.6482
  synth_veryd            a=0.3   dens=0.13159 total_rms=1.0031 mid=1.6482
  synth_veryd            a=0.4   dens=0.13159 total_rms=1.0031 mid=1.6482
  synth_veryd            a=0.5   dens=0.13159 total_rms=1.0031 mid=1.6482
  synth_veryd            a=0.7   dens=0.13159 total_rms=1.0031 mid=1.6482
  synth_veryd            a=1.0   dens=0.13159 total_rms=1.0031 mid=1.6482
  astronaut              a=0.1   dens=0.00000 total_rms=0.3694 mid=0.8427
  astronaut              a=0.15  dens=0.00007 total_rms=0.3841 mid=0.8919
  astronaut              a=0.2   dens=0.00997 total_rms=0.9210 mid=2.0739
  astronaut              a=0.25  dens=0.01969 total_rms=1.0471 mid=2.3349
  astronaut              a=0.3   dens=0.02912 total_rms=1.2005 mid=2.6965
  astronaut              a=0.4   dens=0.04416 total_rms=1.3694 mid=3.0278
  astronaut              a=0.5   dens=0.05442 total_rms=1.4521 mid=3.2095
  astronaut              a=0.7   dens=0.07058 total_rms=1.5176 mid=3.3118
  astronaut              a=1.0   dens=0.09000 total_rms=1.5456 mid=3.2564
  camera                 a=0.1   dens=0.00000 total_rms=0.3987 mid=0.9889
  camera                 a=0.15  dens=0.00000 total_rms=0.3987 mid=0.9889
  camera                 a=0.2   dens=0.00310 total_rms=0.7579 mid=2.0983
  camera                 a=0.25  dens=0.00882 total_rms=0.9542 mid=2.4824
  camera                 a=0.3   dens=0.01387 total_rms=1.1075 mid=2.9147
  camera                 a=0.4   dens=0.02052 total_rms=1.2116 mid=3.1209
  camera                 a=0.5   dens=0.02528 total_rms=1.2857 mid=3.1894
  camera                 a=0.7   dens=0.03890 total_rms=1.3557 mid=3.1893
  camera                 a=1.0   dens=0.07510 total_rms=1.4043 mid=3.2323
  coffee                 a=0.1   dens=0.00000 total_rms=0.3885 mid=0.9499
  coffee                 a=0.15  dens=0.00011 total_rms=0.4462 mid=1.2072
  coffee                 a=0.2   dens=0.00159 total_rms=0.6410 mid=1.7234
  coffee                 a=0.25  dens=0.01110 total_rms=0.8993 mid=2.2242
  coffee                 a=0.3   dens=0.01468 total_rms=0.9655 mid=2.2899
  coffee                 a=0.4   dens=0.02322 total_rms=1.0898 mid=2.5576
  coffee                 a=0.5   dens=0.02895 total_rms=1.1358 mid=2.5928
  coffee                 a=0.7   dens=0.04079 total_rms=1.2034 mid=2.6733
  coffee                 a=1.0   dens=0.05859 total_rms=1.2700 mid=2.7315
  chelsea                a=0.1   dens=0.00000 total_rms=0.4090 mid=1.0335
  chelsea                a=0.15  dens=0.00000 total_rms=0.4090 mid=1.0335
  chelsea                a=0.2   dens=0.00000 total_rms=0.4090 mid=1.0335
  chelsea                a=0.25  dens=0.00000 total_rms=0.4090 mid=1.0335
  chelsea                a=0.3   dens=0.00000 total_rms=0.4090 mid=1.0335
  chelsea                a=0.4   dens=0.00006 total_rms=0.4222 mid=1.0868
  chelsea                a=0.5   dens=0.00170 total_rms=0.5939 mid=1.4736
  chelsea                a=0.7   dens=0.01033 total_rms=0.9490 mid=2.1689
  chelsea                a=1.0   dens=0.04433 total_rms=1.2332 mid=2.6639
  coins                  a=0.1   dens=0.00000 total_rms=0.3855 mid=0.9502
  coins                  a=0.15  dens=0.00000 total_rms=0.3855 mid=0.9502
  coins                  a=0.2   dens=0.00000 total_rms=0.3855 mid=0.9502
  coins                  a=0.25  dens=0.00525 total_rms=0.6565 mid=1.5768
  coins                  a=0.3   dens=0.01053 total_rms=0.7744 mid=1.7540
  coins                  a=0.4   dens=0.02069 total_rms=0.9034 mid=1.9278
  coins                  a=0.5   dens=0.02805 total_rms=0.9442 mid=1.8823
  coins                  a=0.7   dens=0.04789 total_rms=1.0046 mid=1.8530
  coins                  a=1.0   dens=0.07428 total_rms=1.0537 mid=1.8735
  horse                  a=0.1   dens=0.00000 total_rms=0.3893 mid=0.9371
  horse                  a=0.15  dens=0.01295 total_rms=0.9178 mid=2.0859
  horse                  a=0.2   dens=0.01295 total_rms=0.9176 mid=2.0863
  horse                  a=0.25  dens=0.01296 total_rms=0.9172 mid=2.0856
  horse                  a=0.3   dens=0.01297 total_rms=0.9167 mid=2.0834
  horse                  a=0.4   dens=0.01296 total_rms=0.9176 mid=2.0860
  horse                  a=0.5   dens=0.01297 total_rms=0.9156 mid=2.0794
  horse                  a=0.7   dens=0.01297 total_rms=0.9181 mid=2.0887
  horse                  a=1.0   dens=0.01297 total_rms=0.9168 mid=2.0827
  page                   a=0.1   dens=0.00000 total_rms=0.3987 mid=1.0136
  page                   a=0.15  dens=0.00000 total_rms=0.3987 mid=1.0136
  page                   a=0.2   dens=0.00000 total_rms=0.3987 mid=1.0136
  page                   a=0.25  dens=0.00738 total_rms=0.6447 mid=1.0577
  page                   a=0.3   dens=0.03177 total_rms=0.8741 mid=1.3937
  page                   a=0.4   dens=0.06194 total_rms=1.0093 mid=1.6696
  page                   a=0.5   dens=0.07193 total_rms=1.0118 mid=1.6811
  page                   a=0.7   dens=0.07961 total_rms=1.0117 mid=1.7118
  page                   a=1.0   dens=0.08687 total_rms=1.0301 mid=1.7832
  rocket                 a=0.1   dens=0.00000 total_rms=0.3763 mid=0.8773
  rocket                 a=0.15  dens=0.00000 total_rms=0.3763 mid=0.8773
  rocket                 a=0.2   dens=0.00025 total_rms=0.4124 mid=1.0260
  rocket                 a=0.25  dens=0.00180 total_rms=0.5554 mid=1.3990
  rocket                 a=0.3   dens=0.00442 total_rms=0.6094 mid=1.4056
  rocket                 a=0.4   dens=0.01437 total_rms=0.7911 mid=1.6369
  rocket                 a=0.5   dens=0.02189 total_rms=0.8452 mid=1.7304
  rocket                 a=0.7   dens=0.03305 total_rms=0.9602 mid=1.9527
  rocket                 a=1.0   dens=0.04300 total_rms=0.9743 mid=2.0043
  immunohistochemistry   a=0.1   dens=0.00000 total_rms=0.3608 mid=0.8009
  immunohistochemistry   a=0.15  dens=0.00000 total_rms=0.3608 mid=0.8009
  immunohistochemistry   a=0.2   dens=0.00000 total_rms=0.3608 mid=0.8009
  immunohistochemistry   a=0.25  dens=0.00000 total_rms=0.3608 mid=0.8009
  immunohistochemistry   a=0.3   dens=0.00005 total_rms=0.3743 mid=0.8480
  immunohistochemistry   a=0.4   dens=0.00662 total_rms=0.8281 mid=1.7141
  immunohistochemistry   a=0.5   dens=0.02813 total_rms=1.1575 mid=2.3342
  immunohistochemistry   a=0.7   dens=0.09787 total_rms=1.4817 mid=2.7932
  immunohistochemistry   a=1.0   dens=0.18843 total_rms=1.6104 mid=2.9294
  cell                   a=0.1   dens=0.00000 total_rms=0.3656 mid=0.8203
  cell                   a=0.15  dens=0.00000 total_rms=0.3656 mid=0.8203
  cell                   a=0.2   dens=0.00000 total_rms=0.3656 mid=0.8203
  cell                   a=0.25  dens=0.00000 total_rms=0.3656 mid=0.8203
  cell                   a=0.3   dens=0.00000 total_rms=0.3656 mid=0.8203
  cell                   a=0.4   dens=0.00000 total_rms=0.3656 mid=0.8203
  cell                   a=0.5   dens=0.00000 total_rms=0.3656 mid=0.8203
  cell                   a=0.7   dens=0.00000 total_rms=0.3656 mid=0.8203
  cell                   a=1.0   dens=0.00165 total_rms=0.4804 mid=1.1288
  __empty__              dens=0.00000 total_rms=0.4022
-> /Users/allcontrol/サイバーセキュリティ/映像メディア学/controlnet_report/results/probe_residual.csv (136 rows)
